Job - Op For Job - Starting Date - Ending Date 
1 1 497 517
1 2 531 618
1 3 618 649
1 4 713 730
2 1 18 50
2 2 117 141
2 3 260 278
2 4 287 368
3 1 63 135
3 2 224 247
3 3 264 322
3 4 418 517
4 1 72 158
4 2 184 260
4 3 618 663
4 4 663 753
5 1 0 42
5 2 93 141
5 3 247 264
5 4 471 517
6 1 396 463
6 2 517 615
6 3 624 651
6 4 651 713
7 1 172 184
7 2 251 270
7 3 383 463
7 4 463 513
8 1 0 63
8 2 166 260
8 3 270 368
8 4 368 418
9 1 42 117
9 2 174 224
9 3 311 352
9 4 753 808
10 1 0 18
10 2 135 172
10 3 172 251
10 4 322 383
