Job - Op For Job - Starting Date - Ending Date 
1 1 46 118
1 2 174 261
1 3 435 501
1 4 501 561
2 1 374 409
2 2 496 544
2 3 544 583
2 4 583 637
3 1 0 46
3 2 46 66
3 3 213 234
3 4 261 358
4 1 0 59
4 2 355 374
4 3 473 507
4 4 583 620
5 1 140 213
5 2 310 335
5 3 355 379
5 4 582 610
6 1 0 28
6 2 76 121
6 3 246 324
6 4 335 418
7 1 121 174
7 2 239 310
7 3 507 544
7 4 620 632
8 1 53 140
8 2 206 239
8 3 418 473
8 4 544 582
9 1 0 49
9 2 123 206
9 3 206 246
9 4 358 406
10 1 234 299
10 2 335 352
10 3 406 496
10 4 544 567
