Job - Op For Job - Starting Date - Ending Date 
1 1 0 21
1 2 37 90
1 3 200 255
1 4 326 360
2 1 0 21
2 2 148 200
2 3 204 230
2 4 239 310
3 1 296 335
3 2 361 403
3 3 565 596
3 4 797 809
4 1 21 98
4 2 370 425
4 3 485 551
4 4 681 758
5 1 98 181
5 2 508 542
5 3 645 709
5 4 790 809
6 1 98 152
6 2 161 204
6 3 204 296
6 4 423 485
7 1 0 69
7 2 152 239
7 3 239 326
7 4 574 667
8 1 0 38
8 2 310 370
8 3 501 542
8 4 542 566
9 1 335 352
9 2 596 645
9 3 667 711
9 4 711 809
10 1 69 148
10 2 360 403
10 3 403 478
10 4 478 574
