Job - Op For Job - Starting Date - Ending Date 
1 1 89 101
1 2 257 351
1 3 388 480
1 4 480 487
2 1 147 166
2 2 166 177
2 3 638 659
2 4 979 1066
3 1 0 14
3 2 14 89
3 3 486 499
3 4 505 525
4 1 0 95
4 2 101 108
4 3 108 115
4 4 166 243
5 1 102 147
5 2 480 486
5 3 561 576
5 4 659 693
6 1 0 77
6 2 223 243
6 3 243 319
6 4 505 558
7 1 95 169
7 2 561 649
7 3 1128 1180
7 4 1180 1207
8 1 14 102
8 2 319 388
8 3 499 561
8 4 586 638
9 1 525 586
9 2 1066 1128
9 3 1136 1188
9 4 1786 1876
10 1 169 223
10 2 223 282
10 3 282 297
10 4 388 476
