Job - Op For Job - Starting Date - Ending Date 
1 1 328 351
1 2 351 396
1 3 442 524
1 4 524 562
2 1 251 272
2 2 502 531
2 3 531 549
2 4 562 612
3 1 32 70
3 2 275 329
3 3 370 422
3 4 659 711
4 1 99 153
4 2 272 346
4 3 440 502
4 4 612 669
5 1 11 92
5 2 92 153
5 3 153 221
5 4 221 251
6 1 259 338
6 2 351 440
6 3 570 659
6 4 669 680
7 1 0 33
7 2 70 90
7 3 168 259
7 4 262 328
8 1 0 84
8 2 338 370
8 3 486 541
8 4 680 688
9 1 92 99
9 2 221 275
9 3 422 486
9 4 531 570
10 1 179 262
10 2 549 568
10 3 672 680
10 4 688 695
