Job - Op For Job - Starting Date - Ending Date 
1 1 0 21
1 2 328 381
1 3 634 689
1 4 689 723
2 1 0 21
2 2 201 253
2 3 275 301
2 4 652 723
3 1 0 39
3 2 528 570
3 3 570 601
3 4 723 735
4 1 139 216
4 2 273 328
4 3 491 557
4 4 557 634
5 1 98 181
5 2 273 307
5 3 307 371
5 4 420 439
6 1 21 75
6 2 109 152
6 3 181 273
6 4 371 433
7 1 39 108
7 2 216 303
7 3 382 469
7 4 535 628
8 1 0 38
8 2 38 98
8 3 98 139
8 4 469 493
9 1 452 469
9 2 474 523
9 3 628 672
9 4 723 821
10 1 109 188
10 2 188 231
10 3 303 378
10 4 439 535
