Job - Op For Job - Starting Date - Ending Date 
1 1 0 12
1 2 245 339
1 3 339 431
1 4 431 438
2 1 453 472
2 2 472 483
2 3 1765 1786
2 4 1876 1963
3 1 45 59
3 2 1119 1194
3 3 1930 1943
3 4 1943 1963
4 1 2 97
4 2 97 104
4 3 104 111
4 4 156 233
5 1 0 45
5 2 111 117
5 3 117 132
5 4 342 376
6 1 0 77
6 2 151 171
6 3 267 343
6 4 362 415
7 1 171 245
7 2 979 1067
7 3 1067 1119
7 4 1899 1926
8 1 59 147
8 2 147 216
8 3 343 405
8 4 405 457
9 1 457 518
9 2 518 580
9 3 668 720
9 4 1786 1876
10 1 97 151
10 2 216 275
10 3 438 453
10 4 580 668
