Job - Op For Job - Starting Date - Ending Date 
1 1 17 89
1 2 319 406
1 3 416 482
1 4 557 617
2 1 0 35
2 2 157 205
2 3 509 548
2 4 548 602
3 1 104 150
3 2 167 187
3 3 488 509
3 4 520 617
4 1 53 112
4 2 365 384
4 3 454 488
4 4 575 612
5 1 114 187
5 2 385 410
5 3 423 447
5 4 454 482
6 1 35 63
6 2 112 157
6 3 210 288
6 4 299 382
7 1 0 53
7 2 79 150
7 3 150 187
7 4 187 199
8 1 206 293
8 2 293 326
8 3 368 423
8 4 482 520
9 1 65 114
9 2 187 270
9 3 326 366
9 4 406 454
10 1 0 65
10 2 150 167
10 3 205 295
10 4 295 318
