Job - Op For Job - Starting Date - Ending Date 
1 1 298 318
1 2 530 617
1 3 723 754
1 4 773 790
2 1 117 149
2 2 212 236
2 3 430 448
2 4 448 529
3 1 166 238
3 2 329 352
3 3 363 421
3 4 734 833
4 1 29 115
4 2 238 314
4 3 318 363
4 4 644 734
5 1 0 42
5 2 173 221
5 3 429 446
5 4 658 704
6 1 363 430
6 2 516 614
6 3 617 644
6 4 711 773
7 1 0 12
7 2 363 382
7 3 421 501
7 4 501 551
8 1 55 118
8 2 118 212
8 3 215 313
8 4 313 363
9 1 42 117
9 2 165 215
9 3 314 355
9 4 382 437
10 1 0 18
10 2 18 55
10 3 87 166
10 4 237 298
