Job - Op For Job - Starting Date - Ending Date 
1 1 122 194
1 2 368 455
1 3 462 528
1 4 531 591
2 1 28 63
2 2 112 160
2 3 240 279
2 4 336 390
3 1 3 49
3 2 127 147
3 3 160 181
3 4 233 330
4 1 53 112
4 2 415 434
4 3 492 526
4 4 539 576
5 1 0 73
5 2 73 98
5 3 98 122
5 4 160 188
6 1 0 28
6 2 188 233
6 3 251 329
6 4 348 431
7 1 0 53
7 2 194 265
7 3 530 567
7 4 576 588
8 1 73 160
8 2 161 194
8 3 194 249
8 4 330 368
9 1 181 230
9 2 265 348
9 3 404 444
9 4 545 593
10 1 279 344
10 2 384 401
10 3 455 545
10 4 570 593
