Job - Op For Job - Starting Date - Ending Date 
1 1 84 107
1 2 172 217
1 3 312 394
1 4 408 446
2 1 151 172
2 2 362 391
2 3 426 444
2 4 446 496
3 1 21 59
3 2 198 252
3 3 477 529
3 4 536 588
4 1 258 312
4 2 312 386
4 3 391 453
4 4 500 557
5 1 177 258
5 2 262 323
5 3 340 408
5 4 493 523
6 1 7 86
6 2 107 196
6 3 217 306
6 4 307 318
7 1 0 33
7 2 59 79
7 3 86 177
7 4 196 262
8 1 0 84
8 2 394 426
8 3 437 492
8 4 570 578
9 1 0 7
9 2 33 87
9 3 87 151
9 4 323 362
10 1 453 536
10 2 536 555
10 3 555 563
10 4 563 570
