Job - Op For Job - Starting Date - Ending Date 
1 1 0 20
1 2 31 118
1 3 543 574
1 4 585 602
2 1 59 91
2 2 137 161
2 3 217 235
2 4 245 326
3 1 12 84
3 2 103 126
3 3 161 219
3 4 326 425
4 1 126 212
4 2 435 511
4 3 511 556
4 4 557 647
5 1 20 62
5 2 118 166
5 3 304 321
5 4 380 426
6 1 235 302
6 2 313 411
6 3 425 452
6 4 473 535
7 1 0 12
7 2 12 31
7 3 425 505
7 4 535 585
8 1 147 210
8 2 219 313
8 3 327 425
8 4 507 557
9 1 62 137
9 2 214 264
9 3 339 380
9 4 452 507
10 1 13 31
10 2 91 128
10 3 166 245
10 4 574 635
