Job - Op For Job - Starting Date - Ending Date 
1 1 0 12
1 2 186 280
1 3 376 468
1 4 645 652
2 1 0 19
2 2 41 52
2 3 61 82
2 4 123 210
3 1 195 209
3 2 491 566
3 3 568 581
3 4 605 625
4 1 295 390
4 2 484 491
4 3 560 567
4 4 567 644
5 1 19 64
5 2 147 153
5 3 354 369
5 4 478 512
6 1 70 147
6 2 166 186
6 3 210 286
6 4 337 390
7 1 396 470
7 2 479 567
7 3 578 630
7 4 630 657
8 1 64 152
8 2 153 222
8 3 289 351
8 4 515 567
9 1 0 61
9 2 61 123
9 3 229 281
9 4 283 373
10 1 110 164
10 2 224 283
10 3 320 335
10 4 390 478
