Job - Op For Job - Starting Date - Ending Date 
1 1 271 292
1 2 300 353
1 3 390 445
1 4 575 609
2 1 0 21
2 2 21 73
2 3 122 148
2 4 536 607
3 1 349 388
3 2 491 533
3 3 544 575
3 4 597 609
4 1 103 180
4 2 353 408
4 3 463 529
4 4 532 609
5 1 21 104
5 2 146 180
5 3 399 463
5 4 464 483
6 1 0 54
6 2 79 122
6 3 148 240
6 4 260 322
7 1 73 142
7 2 180 267
7 3 310 397
7 4 408 501
8 1 41 79
8 2 240 300
8 3 404 445
8 4 507 531
9 1 4 21
9 2 54 103
9 3 104 148
9 4 168 266
10 1 181 260
10 2 266 309
10 3 329 404
10 4 501 597
