Job - Op For Job - Starting Date - Ending Date 
1 1 202 225
1 2 361 406
1 3 437 519
1 4 532 570
2 1 49 70
2 2 84 113
2 3 419 437
2 4 461 511
3 1 11 49
3 2 58 112
3 3 133 185
3 4 348 400
4 1 79 133
4 2 133 207
4 3 225 287
4 4 308 365
5 1 192 273
5 2 287 348
5 3 365 433
5 4 546 576
6 1 0 79
6 2 113 202
6 3 208 297
6 4 297 308
7 1 25 58
7 2 82 102
7 3 273 364
7 4 522 588
8 1 0 84
8 2 364 396
8 3 461 516
8 4 516 524
9 1 185 192
9 2 213 267
9 3 297 361
9 4 483 522
10 1 400 483
10 2 519 538
10 3 538 546
10 4 570 577
