Job - Op For Job - Starting Date - Ending Date 
1 1 274 295
1 2 300 353
1 3 391 446
1 4 530 564
2 1 0 21
2 2 21 73
2 3 73 99
2 4 538 609
3 1 350 389
3 2 477 519
3 3 566 597
3 4 597 609
4 1 104 181
4 2 353 408
4 3 464 530
4 4 532 609
5 1 21 104
5 2 142 176
5 3 398 462
5 4 519 538
6 1 0 54
6 2 99 142
6 3 148 240
6 4 255 317
7 1 73 142
7 2 181 268
7 3 310 397
7 4 408 501
8 1 32 70
8 2 240 300
8 3 407 448
8 4 495 519
9 1 0 17
9 2 54 103
9 3 104 148
9 4 168 266
10 1 176 255
10 2 267 310
10 3 329 404
10 4 501 597
