Job - Op For Job - Starting Date - Ending Date 
1 1 0 20
1 2 31 118
1 3 352 383
1 4 543 560
2 1 107 139
2 2 210 234
2 3 317 335
2 4 344 425
3 1 12 84
3 2 84 107
3 3 141 199
3 4 245 344
4 1 148 234
4 2 434 510
4 3 511 556
4 4 557 647
5 1 24 66
5 2 118 166
5 3 523 540
5 4 540 586
6 1 197 264
6 2 411 509
6 3 530 557
6 4 574 636
7 1 0 12
7 2 12 31
7 3 328 408
7 4 450 500
8 1 134 197
8 2 234 328
8 3 336 434
8 4 480 530
9 1 66 141
9 2 259 309
9 3 384 425
9 4 425 480
10 1 0 18
10 2 93 130
10 3 166 245
10 4 586 647
