Job - Op For Job - Starting Date - Ending Date 
1 1 0 12
1 2 181 275
1 3 373 465
1 4 465 472
2 1 0 19
2 2 19 30
2 3 61 82
2 4 123 210
3 1 161 175
3 2 489 564
3 3 564 577
3 4 578 598
4 1 294 389
4 2 477 484
4 3 484 491
4 4 567 644
5 1 19 64
5 2 64 70
5 3 350 365
5 4 477 511
6 1 70 147
6 2 147 167
6 3 210 286
6 4 294 347
7 1 395 469
7 2 478 566
7 3 578 630
7 4 630 657
8 1 64 152
8 2 152 221
8 3 288 350
8 4 515 567
9 1 0 61
9 2 61 123
9 3 229 281
9 4 283 373
10 1 82 136
10 2 224 283
10 3 347 362
10 4 389 477
