Job - Op For Job - Starting Date - Ending Date 
1 1 0 72
1 2 104 191
1 3 302 368
1 4 464 524
2 1 28 63
2 2 244 292
2 3 452 491
2 4 520 574
3 1 72 118
3 2 118 138
3 3 281 302
3 4 496 593
4 1 0 59
4 2 71 90
4 3 196 230
4 4 507 544
5 1 56 129
5 2 238 263
5 3 270 294
5 4 340 368
6 1 0 28
6 2 59 104
6 3 118 196
6 4 369 452
7 1 191 244
7 2 263 334
7 3 334 371
7 4 491 503
8 1 194 281
8 2 334 367
8 3 389 444
8 4 458 496
9 1 7 56
9 2 138 221
9 3 230 270
9 4 292 340
10 1 129 194
10 2 221 238
10 3 368 458
10 4 458 481
