Job - Op For Job - Starting Date - Ending Date 
1 1 0 20
1 2 34 121
1 3 476 507
1 4 580 597
2 1 0 32
2 2 95 119
2 3 179 197
2 4 248 329
3 1 338 410
3 2 410 433
3 3 496 554
3 4 554 653
4 1 125 211
4 2 211 287
4 3 371 416
4 4 462 552
5 1 130 172
5 2 200 248
5 3 433 450
5 4 538 584
6 1 112 179
6 2 273 371
6 3 384 411
6 4 450 512
7 1 0 12
7 2 12 31
7 3 416 496
7 4 530 580
8 1 12 75
8 2 179 273
8 3 287 385
8 4 411 461
9 1 20 95
9 2 211 261
9 3 287 328
9 4 329 384
10 1 32 50
10 2 75 112
10 3 121 200
10 4 584 645
