Job - Op For Job - Starting Date - Ending Date 
1 1 0 23
1 2 59 104
1 3 221 303
1 4 329 367
2 1 0 21
2 2 340 369
2 3 387 405
2 4 515 565
3 1 21 59
3 2 275 329
3 3 335 387
3 4 470 522
4 1 79 133
4 2 133 207
4 3 369 431
4 4 458 515
5 1 133 214
5 2 279 340
5 3 382 450
5 4 488 518
6 1 0 79
6 2 107 196
6 3 207 296
6 4 371 382
7 1 0 33
7 2 360 380
7 3 405 496
7 4 522 588
8 1 23 107
8 2 303 335
8 3 380 435
8 4 450 458
9 1 214 221
9 2 221 275
9 3 296 360
9 4 431 470
10 1 196 279
10 2 532 551
10 3 551 559
10 4 565 572
