Job - Op For Job - Starting Date - Ending Date 
1 1 54 75
1 2 256 309
1 3 386 441
1 4 475 509
2 1 0 21
2 2 69 121
2 3 121 147
2 4 535 606
3 1 121 160
3 2 169 211
3 3 314 345
3 4 597 609
4 1 211 288
4 2 309 364
4 3 409 475
4 4 531 608
5 1 21 104
5 2 265 299
5 3 345 409
5 4 482 501
6 1 0 54
6 2 54 97
6 3 164 256
6 4 299 361
7 1 0 69
7 2 82 169
7 3 184 271
7 4 364 457
8 1 0 38
8 2 104 164
8 3 441 482
8 4 482 506
9 1 169 186
9 2 392 441
9 3 457 501
9 4 509 607
10 1 186 265
10 2 271 314
10 3 317 392
10 4 501 597
