Job - Op For Job - Starting Date - Ending Date 
1 1 151 163
1 2 253 347
1 3 347 439
1 4 592 599
2 1 14 33
2 2 89 100
2 3 135 156
2 4 183 270
3 1 0 14
3 2 14 89
3 3 452 465
3 4 598 618
4 1 156 251
4 2 270 277
4 3 445 452
4 4 515 592
5 1 203 248
5 2 439 445
5 3 445 460
5 4 465 499
6 1 12 89
6 2 115 135
6 3 348 424
6 4 599 652
7 1 347 421
7 2 424 512
7 3 536 588
7 4 602 629
8 1 33 121
8 2 174 243
8 3 277 339
8 4 526 578
9 1 0 61
9 2 89 151
9 3 151 203
9 4 248 338
10 1 61 115
10 2 115 174
10 3 251 266
10 4 592 680
