Job - Op For Job - Starting Date - Ending Date 
1 1 46 118
1 2 157 244
1 3 419 485
1 4 485 545
2 1 288 323
2 2 341 389
2 3 485 524
2 4 524 578
3 1 0 46
3 2 124 144
3 3 191 212
3 4 244 341
4 1 53 112
4 2 144 163
4 3 263 297
4 4 382 419
5 1 53 126
5 2 246 271
5 3 319 343
5 4 479 507
6 1 0 28
6 2 112 157
6 3 185 263
6 4 299 382
7 1 0 53
7 2 53 124
7 3 124 161
7 4 524 536
8 1 212 299
8 2 323 356
8 3 390 445
8 4 555 593
9 1 2 51
9 2 163 246
9 3 343 383
9 4 507 555
10 1 126 191
10 2 271 288
10 3 389 479
10 4 479 502
